
> my-extravagant-portfolio@0.0.0 build
> tsc -b && vite build

src/components/ui/aceternity/Vortex.tsx(111,91): error TS6133: 'i8' is declared but its value is never read.
src/components/ui/aceternity/Vortex.tsx(111,103): error TS6133: 'i9' is declared but its value is never read.
src/components/ui/aceternity/Vortex.tsx(124,19): error TS6133: 'dist' is declared but its value is never read.
src/components/ui/bits/DecryptedText.tsx(4,10): error TS6133: 'motion' is declared but its value is never read.
src/components/ui/bits/DecryptedText.tsx(25,5): error TS6133: 'sequential' is declared but its value is never read.
src/components/ui/bits/DecryptedText.tsx(26,5): error TS6133: 'revealDirection' is declared but its value is never read.
src/components/ui/bits/DecryptedText.tsx(27,5): error TS6133: 'useOriginalCharsOnly' is declared but its value is never read.
src/components/ui/bits/DecryptedText.tsx(35,12): error TS6133: 'isHovering' is declared but its value is never read.
src/components/ui/bits/DecryptedText.tsx(37,11): error TS6133: 'revealedIndices' is declared but its value is never read.
src/components/ui/bits/DecryptedText.tsx(44,13): error TS6133: 'interval' is declared but its value is never read.
src/components/ui/magic/Meteors.tsx(4,8): error TS6133: 'React' is declared but its value is never read.
src/components/ui/magic/Meteors.tsx(25,27): error TS6133: 'el' is declared but its value is never read.
